// Vitest Snapshot v1, https://vitest.dev/guide/snapshot.html

exports[`RegionWarning.vue snapshots > should match snapshot for all severity levels > severity-1 1`] = `"<div data-v-77d0cfc0="" class="symbol-image warning-image current-warning-image transform-rotate-180 symbol-rotate-180 level-1 wind" aria-label="Ei vaaraa tuulivaroitus maa‑alueille (15 m/s suunnasta 360°)"><span data-v-77d0cfc0="" aria-hidden="true" class="warning-symbol-text symbol-text transform-rotate-180">15</span></div>"`;

exports[`RegionWarning.vue snapshots > should match snapshot for all severity levels > severity-2 1`] = `"<div data-v-77d0cfc0="" class="symbol-image warning-image current-warning-image transform-rotate-180 symbol-rotate-180 level-2 wind" aria-label="Mahdollisesti vaarallinen tuulivaroitus maa‑alueille (15 m/s suunnasta 360°)"><span data-v-77d0cfc0="" aria-hidden="true" class="warning-symbol-text symbol-text transform-rotate-180">15</span></div>"`;

exports[`RegionWarning.vue snapshots > should match snapshot for all severity levels > severity-3 1`] = `"<div data-v-77d0cfc0="" class="symbol-image warning-image current-warning-image transform-rotate-180 symbol-rotate-180 level-3 wind" aria-label="Vaarallinen tuulivaroitus maa‑alueille (15 m/s suunnasta 360°)"><span data-v-77d0cfc0="" aria-hidden="true" class="warning-symbol-text symbol-text transform-rotate-180">15</span></div>"`;

exports[`RegionWarning.vue snapshots > should match snapshot for all severity levels > severity-4 1`] = `"<div data-v-77d0cfc0="" class="symbol-image warning-image current-warning-image transform-rotate-180 symbol-rotate-180 level-4 wind" aria-label="Hyvin vaarallinen tuulivaroitus maa‑alueille (15 m/s suunnasta 360°)"><span data-v-77d0cfc0="" aria-hidden="true" class="warning-symbol-text symbol-text transform-rotate-180">15</span></div>"`;

exports[`RegionWarning.vue snapshots > should match snapshot for different warning types > type-forestFire 1`] = `"<div data-v-77d0cfc0="" class="symbol-image warning-image current-warning-image transform-rotate-180 symbol-rotate-180 level-3 forest-fire" aria-label="Vaarallinen  (15 m/s suunnasta 360°)"><span data-v-77d0cfc0="" aria-hidden="true" class="warning-symbol-text symbol-text transform-rotate-180">15</span></div>"`;

exports[`RegionWarning.vue snapshots > should match snapshot for different warning types > type-rain 1`] = `"<div data-v-77d0cfc0="" class="symbol-image warning-image current-warning-image transform-rotate-180 symbol-rotate-180 level-3 rain" aria-label="Vaarallinen sadevaroitus (15 m/s suunnasta 360°)"><span data-v-77d0cfc0="" aria-hidden="true" class="warning-symbol-text symbol-text transform-rotate-180">15</span></div>"`;

exports[`RegionWarning.vue snapshots > should match snapshot for different warning types > type-thunderstorm 1`] = `"<div data-v-77d0cfc0="" class="symbol-image warning-image current-warning-image transform-rotate-180 symbol-rotate-180 level-3 thunderstorm" aria-label="Vaarallinen  (15 m/s suunnasta 360°)"><span data-v-77d0cfc0="" aria-hidden="true" class="warning-symbol-text symbol-text transform-rotate-180">15</span></div>"`;

exports[`RegionWarning.vue snapshots > should match snapshot for different warning types > type-wind 1`] = `"<div data-v-77d0cfc0="" class="symbol-image warning-image current-warning-image transform-rotate-180 symbol-rotate-180 level-3 wind" aria-label="Vaarallinen tuulivaroitus maa‑alueille (15 m/s suunnasta 360°)"><span data-v-77d0cfc0="" aria-hidden="true" class="warning-symbol-text symbol-text transform-rotate-180">15</span></div>"`;

exports[`RegionWarning.vue snapshots > should match snapshot for wind warning 1`] = `"<div data-v-77d0cfc0="" class="symbol-image warning-image current-warning-image transform-rotate-180 symbol-rotate-180 level-3 wind" aria-label="Vaarallinen tuulivaroitus maa‑alueille (15 m/s suunnasta 360°)"><span data-v-77d0cfc0="" aria-hidden="true" class="warning-symbol-text symbol-text transform-rotate-180">15</span></div>"`;

exports[`RegionWarning.vue snapshots > should match snapshot without wind speed 1`] = `"<div data-v-77d0cfc0="" class="symbol-image warning-image current-warning-image transform-rotate-0 symbol-rotate-0 level-3 wind" aria-label="Vaarallinen tuulivaroitus maa‑alueille"><span data-v-77d0cfc0="" aria-hidden="true" class="warning-symbol-text symbol-text transform-rotate-360"></span></div>"`;
