// Vitest Snapshot v1, https://vitest.dev/guide/snapshot.html

exports[`RegionWarning.vue Snapshots > Language snapshots > should render in English correctly 1`] = `"<div data-v-77d0cfc0="" class="symbol-image warning-image current-warning-image transform-rotate-270 symbol-rotate-270 level-3 wind" aria-label="Dangerous wind warning for land areas (25 m/s from 450°)"><span data-v-77d0cfc0="" aria-hidden="true" class="warning-symbol-text symbol-text transform-rotate-90">25</span></div>"`;

exports[`RegionWarning.vue Snapshots > Language snapshots > should render in Finnish correctly 1`] = `"<div data-v-77d0cfc0="" class="symbol-image warning-image current-warning-image transform-rotate-270 symbol-rotate-270 level-3 wind" aria-label="Vaarallinen tuulivaroitus maa‑alueille (25 m/s suunnasta 450°)"><span data-v-77d0cfc0="" aria-hidden="true" class="warning-symbol-text symbol-text transform-rotate-90">25</span></div>"`;

exports[`RegionWarning.vue Snapshots > Language snapshots > should render in Swedish correctly 1`] = `"<div data-v-77d0cfc0="" class="symbol-image warning-image current-warning-image transform-rotate-270 symbol-rotate-270 level-3 wind" aria-label="Farlig vindvarning för landområden (25 m/s från 450°)"><span data-v-77d0cfc0="" aria-hidden="true" class="warning-symbol-text symbol-text transform-rotate-90">25</span></div>"`;

exports[`RegionWarning.vue Snapshots > Rotation snapshots > should render with east direction correctly 1`] = `"<div data-v-77d0cfc0="" class="symbol-image warning-image current-warning-image transform-rotate-90 symbol-rotate-90 level-3 wind" aria-label="Vaarallinen tuulivaroitus maa‑alueille (20 m/s suunnasta 270°)"><span data-v-77d0cfc0="" aria-hidden="true" class="warning-symbol-text symbol-text transform-rotate-270">20</span></div>"`;

exports[`RegionWarning.vue Snapshots > Rotation snapshots > should render with north direction correctly 1`] = `"<div data-v-77d0cfc0="" class="symbol-image warning-image current-warning-image transform-rotate-0 symbol-rotate-0 level-3 wind" aria-label="Vaarallinen tuulivaroitus maa‑alueille (20 m/s suunnasta 180°)"><span data-v-77d0cfc0="" aria-hidden="true" class="warning-symbol-text symbol-text transform-rotate-360">20</span></div>"`;

exports[`RegionWarning.vue Snapshots > Rotation snapshots > should render with south direction correctly 1`] = `"<div data-v-77d0cfc0="" class="symbol-image warning-image current-warning-image transform-rotate-180 symbol-rotate-180 level-3 wind" aria-label="Vaarallinen tuulivaroitus maa‑alueille (20 m/s suunnasta 360°)"><span data-v-77d0cfc0="" aria-hidden="true" class="warning-symbol-text symbol-text transform-rotate-180">20</span></div>"`;

exports[`RegionWarning.vue Snapshots > Rotation snapshots > should render with west direction correctly 1`] = `"<div data-v-77d0cfc0="" class="symbol-image warning-image current-warning-image transform-rotate-270 symbol-rotate-270 level-3 wind" aria-label="Vaarallinen tuulivaroitus maa‑alueille (20 m/s suunnasta 450°)"><span data-v-77d0cfc0="" aria-hidden="true" class="warning-symbol-text symbol-text transform-rotate-90">20</span></div>"`;

exports[`RegionWarning.vue Snapshots > Severity level snapshots > should render severity level 2 correctly 1`] = `"<div data-v-77d0cfc0="" class="symbol-image warning-image current-warning-image transform-rotate-0 symbol-rotate-0 level-2 wind" aria-label="Mahdollisesti vaarallinen tuulivaroitus maa‑alueille"><span data-v-77d0cfc0="" aria-hidden="true" class="warning-symbol-text symbol-text transform-rotate-360"></span></div>"`;

exports[`RegionWarning.vue Snapshots > Severity level snapshots > should render severity level 3 correctly 1`] = `"<div data-v-77d0cfc0="" class="symbol-image warning-image current-warning-image transform-rotate-0 symbol-rotate-0 level-3 wind" aria-label="Vaarallinen tuulivaroitus maa‑alueille"><span data-v-77d0cfc0="" aria-hidden="true" class="warning-symbol-text symbol-text transform-rotate-360"></span></div>"`;

exports[`RegionWarning.vue Snapshots > Severity level snapshots > should render severity level 4 correctly 1`] = `"<div data-v-77d0cfc0="" class="symbol-image warning-image current-warning-image transform-rotate-0 symbol-rotate-0 level-4 wind" aria-label="Hyvin vaarallinen tuulivaroitus maa‑alueille"><span data-v-77d0cfc0="" aria-hidden="true" class="warning-symbol-text symbol-text transform-rotate-360"></span></div>"`;

exports[`RegionWarning.vue Snapshots > Warning type snapshots > should render cold weather warning correctly 1`] = `"<div data-v-77d0cfc0="" class="symbol-image warning-image current-warning-image transform-rotate-0 symbol-rotate-0 level-3 cold-weather" aria-label="Vaarallinen pakkasvaroitus"><span data-v-77d0cfc0="" aria-hidden="true" class="warning-symbol-text symbol-text transform-rotate-360"></span></div>"`;

exports[`RegionWarning.vue Snapshots > Warning type snapshots > should render flood level warning correctly 1`] = `"<div data-v-77d0cfc0="" class="symbol-image warning-image current-warning-image transform-rotate-0 symbol-rotate-0 level-3 flood-level" aria-label="Vaarallinen tulvavaroitus"><span data-v-77d0cfc0="" aria-hidden="true" class="warning-symbol-text symbol-text transform-rotate-360"></span></div>"`;

exports[`RegionWarning.vue Snapshots > Warning type snapshots > should render forest fire weather warning correctly 1`] = `"<div data-v-77d0cfc0="" class="symbol-image warning-image current-warning-image transform-rotate-0 symbol-rotate-0 level-3 forest-fire-weather" aria-label="Vaarallinen maastopalovaroitus"><span data-v-77d0cfc0="" aria-hidden="true" class="warning-symbol-text symbol-text transform-rotate-360"></span></div>"`;

exports[`RegionWarning.vue Snapshots > Warning type snapshots > should render hot weather warning correctly 1`] = `"<div data-v-77d0cfc0="" class="symbol-image warning-image current-warning-image transform-rotate-0 symbol-rotate-0 level-2 hot-weather" aria-label="Mahdollisesti vaarallinen hellevaroitus"><span data-v-77d0cfc0="" aria-hidden="true" class="warning-symbol-text symbol-text transform-rotate-360"></span></div>"`;

exports[`RegionWarning.vue Snapshots > Warning type snapshots > should render pedestrian safety warning correctly 1`] = `"<div data-v-77d0cfc0="" class="symbol-image warning-image current-warning-image transform-rotate-0 symbol-rotate-0 level-2 pedestrian-safety" aria-label="Mahdollisesti vaarallinen jalankulkusää"><span data-v-77d0cfc0="" aria-hidden="true" class="warning-symbol-text symbol-text transform-rotate-360"></span></div>"`;

exports[`RegionWarning.vue Snapshots > Warning type snapshots > should render rain warning correctly 1`] = `"<div data-v-77d0cfc0="" class="symbol-image warning-image current-warning-image transform-rotate-0 symbol-rotate-0 level-2 rain" aria-label="Mahdollisesti vaarallinen sadevaroitus"><span data-v-77d0cfc0="" aria-hidden="true" class="warning-symbol-text symbol-text transform-rotate-360"></span></div>"`;

exports[`RegionWarning.vue Snapshots > Warning type snapshots > should render sea wind warning correctly 1`] = `"<div data-v-77d0cfc0="" class="symbol-image warning-image current-warning-image transform-rotate-180 symbol-rotate-180 level-3 sea-wind" aria-label="Vaarallinen tuulivaroitus merelle (15 m/s suunnasta 360°)"><span data-v-77d0cfc0="" aria-hidden="true" class="warning-symbol-text symbol-text transform-rotate-180">15</span></div>"`;

exports[`RegionWarning.vue Snapshots > Warning type snapshots > should render thunderstorm warning correctly 1`] = `"<div data-v-77d0cfc0="" class="symbol-image warning-image current-warning-image transform-rotate-0 symbol-rotate-0 level-4 thunder-storm" aria-label="Hyvin vaarallinen raju ukonilma"><span data-v-77d0cfc0="" aria-hidden="true" class="warning-symbol-text symbol-text transform-rotate-360"></span></div>"`;

exports[`RegionWarning.vue Snapshots > Warning type snapshots > should render traffic weather warning correctly 1`] = `"<div data-v-77d0cfc0="" class="symbol-image warning-image current-warning-image transform-rotate-0 symbol-rotate-0 level-2 traffic-weather" aria-label="Mahdollisesti vaarallinen liikennesää"><span data-v-77d0cfc0="" aria-hidden="true" class="warning-symbol-text symbol-text transform-rotate-360"></span></div>"`;

exports[`RegionWarning.vue Snapshots > Warning type snapshots > should render wind warning correctly 1`] = `"<div data-v-77d0cfc0="" class="symbol-image warning-image current-warning-image transform-rotate-270 symbol-rotate-270 level-3 wind" aria-label="Vaarallinen tuulivaroitus maa‑alueille (25 m/s suunnasta 450°)"><span data-v-77d0cfc0="" aria-hidden="true" class="warning-symbol-text symbol-text transform-rotate-90">25</span></div>"`;
